features/calendar/calendar-view/index.tsx(50,7): error TS2552: Cannot find name 'useCalendarView'. Did you mean 'CalendarView'?
features/calendar/calendar-view/index.tsx(56,12): error TS2304: Cannot find name 'WeekView'.
features/calendar/calendar-view/index.tsx(67,12): error TS2304: Cannot find name 'DayView'.
features/calendar/calendar-view/index.tsx(77,12): error TS2304: Cannot find name 'ListView'.
features/calendar/calendar-view/index.tsx(87,12): error TS2304: Cannot find name 'CalendarGrid'.
features/calendar/calendar-view/index.tsx(94,29): error TS7006: Parameter 'e' implicitly has an 'any' type.
features/calendar/calendar-view/index.tsx(94,32): error TS7006: Parameter 'session' implicitly has an 'any' type.
features/calendar/calendar-view/index.tsx(102,8): error TS2304: Cannot find name 'CalendarHeader'.
features/calendar/calendar-view/index.tsx(115,8): error TS2304: Cannot find name 'StatusLegend'.
features/calendar/calendar-view/index.tsx(144,10): error TS2304: Cannot find name 'DayDetailModal'.
features/calendar/calendar-view/index.tsx(158,10): error TS2304: Cannot find name 'LessonDetailModal'.
features/calendar/calendar-view/index.tsx(168,10): error TS2552: Cannot find name 'ContextMenu'. Did you mean 'contextMenu'?
features/calendar/calendar-view/index.tsx(178,10): error TS2304: Cannot find name 'AddSessionModal'.
