[INFO] Scanning for projects...
[INFO] 
[INFO] --------------------< com.tutor-management:backend >--------------------
[INFO] Building backend 0.0.1-SNAPSHOT
[INFO]   from pom.xml
[INFO] --------------------------------[ jar ]---------------------------------
[INFO] 
[INFO] --- resources:3.3.1:resources (default-resources) @ backend ---
[INFO] Copying 1 resource from src\main\resources to target\classes
[INFO] Copying 3 resources from src\main\resources to target\classes
[INFO] 
[INFO] --- compiler:3.13.0:compile (default-compile) @ backend ---
[INFO] Recompiling the module because of changed source code.
[INFO] Compiling 272 source files with javac [debug parameters release 21] to target\classes
[INFO] -------------------------------------------------------------
[WARNING] COMPILATION WARNING : 
[INFO] -------------------------------------------------------------
[WARNING] /D:/long-personal-project/Tutor-Management/backend/src/main/java/com/tutor_management/backend/modules/auth/dto/response/AuthResponse.java:[17,20] @Builder will ignore the initializing expression entirely. If you want the initializing expression to serve as default, add @Builder.Default. If it is not supposed to be settable during building, make the field final.
[WARNING] /D:/long-personal-project/Tutor-Management/backend/src/main/java/com/tutor_management/backend/modules/auth/User.java:[46,21] @Builder will ignore the initializing expression entirely. If you want the initializing expression to serve as default, add @Builder.Default. If it is not supposed to be settable during building, make the field final.
[WARNING] /D:/long-personal-project/Tutor-Management/backend/src/main/java/com/tutor_management/backend/modules/auth/User.java:[49,21] @Builder will ignore the initializing expression entirely. If you want the initializing expression to serve as default, add @Builder.Default. If it is not supposed to be settable during building, make the field final.
[INFO] 3 warnings 
[INFO] -------------------------------------------------------------
[INFO] -------------------------------------------------------------
[ERROR] COMPILATION ERROR : 
[INFO] -------------------------------------------------------------
[ERROR] /D:/long-personal-project/Tutor-Management/backend/src/main/java/com/tutor_management/backend/modules/onlinesession/controller/OnlineSessionWebSocketController.java:[21,19] cannot find symbol
  symbol:   class ChatService
  location: class com.tutor_management.backend.modules.onlinesession.controller.OnlineSessionWebSocketController
[ERROR] /D:/long-personal-project/Tutor-Management/backend/src/main/java/com/tutor_management/backend/modules/onlinesession/controller/OnlineSessionWebSocketController.java:[16,1] cannot find symbol
  symbol:   class ChatService
  location: class com.tutor_management.backend.modules.onlinesession.controller.OnlineSessionWebSocketController
[ERROR] /D:/long-personal-project/Tutor-Management/backend/src/main/java/com/tutor_management/backend/modules/onlinesession/service/ChatServiceTest.java:[13,29] package org.junit.jupiter.api does not exist
[ERROR] /D:/long-personal-project/Tutor-Management/backend/src/main/java/com/tutor_management/backend/modules/onlinesession/service/ChatServiceTest.java:[14,29] package org.junit.jupiter.api does not exist
[ERROR] /D:/long-personal-project/Tutor-Management/backend/src/main/java/com/tutor_management/backend/modules/onlinesession/service/ChatServiceTest.java:[15,39] package org.junit.jupiter.api.extension does not exist
[ERROR] /D:/long-personal-project/Tutor-Management/backend/src/main/java/com/tutor_management/backend/modules/onlinesession/service/ChatServiceTest.java:[16,19] package org.mockito does not exist
[ERROR] /D:/long-personal-project/Tutor-Management/backend/src/main/java/com/tutor_management/backend/modules/onlinesession/service/ChatServiceTest.java:[17,19] package org.mockito does not exist
[ERROR] /D:/long-personal-project/Tutor-Management/backend/src/main/java/com/tutor_management/backend/modules/onlinesession/service/ChatServiceTest.java:[18,33] package org.mockito.junit.jupiter does not exist
[ERROR] /D:/long-personal-project/Tutor-Management/backend/src/main/java/com/tutor_management/backend/modules/onlinesession/service/ChatServiceTest.java:[28,36] package org.junit.jupiter.api does not exist
[ERROR] /D:/long-personal-project/Tutor-Management/backend/src/main/java/com/tutor_management/backend/modules/onlinesession/service/ChatServiceTest.java:[29,26] package org.mockito does not exist
[ERROR] /D:/long-personal-project/Tutor-Management/backend/src/main/java/com/tutor_management/backend/modules/onlinesession/service/ChatServiceTest.java:[29,1] static import only from classes and interfaces
[ERROR] /D:/long-personal-project/Tutor-Management/backend/src/main/java/com/tutor_management/backend/modules/onlinesession/service/ChatServiceTest.java:[30,26] package org.mockito does not exist
[ERROR] /D:/long-personal-project/Tutor-Management/backend/src/main/java/com/tutor_management/backend/modules/onlinesession/service/ChatServiceTest.java:[32,2] cannot find symbol
  symbol: class ExtendWith
[ERROR] /D:/long-personal-project/Tutor-Management/backend/src/main/java/com/tutor_management/backend/modules/onlinesession/service/ChatServiceTest.java:[32,13] cannot find symbol
  symbol: class MockitoExtension
[ERROR] /D:/long-personal-project/Tutor-Management/backend/src/main/java/com/tutor_management/backend/modules/onlinesession/service/ChatServiceTest.java:[35,6] cannot find symbol
  symbol:   class Mock
  location: class com.tutor_management.backend.modules.onlinesession.service.ChatServiceTest
[ERROR] /D:/long-personal-project/Tutor-Management/backend/src/main/java/com/tutor_management/backend/modules/onlinesession/service/ChatServiceTest.java:[38,6] cannot find symbol
  symbol:   class Mock
  location: class com.tutor_management.backend.modules.onlinesession.service.ChatServiceTest
[ERROR] /D:/long-personal-project/Tutor-Management/backend/src/main/java/com/tutor_management/backend/modules/onlinesession/service/ChatServiceTest.java:[41,6] cannot find symbol
  symbol:   class Mock
  location: class com.tutor_management.backend.modules.onlinesession.service.ChatServiceTest
[ERROR] /D:/long-personal-project/Tutor-Management/backend/src/main/java/com/tutor_management/backend/modules/onlinesession/service/ChatServiceTest.java:[44,6] cannot find symbol
  symbol:   class InjectMocks
  location: class com.tutor_management.backend.modules.onlinesession.service.ChatServiceTest
[ERROR] /D:/long-personal-project/Tutor-Management/backend/src/main/java/com/tutor_management/backend/modules/onlinesession/service/ChatServiceTest.java:[52,6] cannot find symbol
  symbol:   class BeforeEach
  location: class com.tutor_management.backend.modules.onlinesession.service.ChatServiceTest
[ERROR] /D:/long-personal-project/Tutor-Management/backend/src/main/java/com/tutor_management/backend/modules/onlinesession/service/ChatServiceTest.java:[63,6] cannot find symbol
  symbol:   class Test
  location: class com.tutor_management.backend.modules.onlinesession.service.ChatServiceTest
[ERROR] /D:/long-personal-project/Tutor-Management/backend/src/main/java/com/tutor_management/backend/modules/onlinesession/service/ChatServiceTest.java:[91,6] cannot find symbol
  symbol:   class Test
  location: class com.tutor_management.backend.modules.onlinesession.service.ChatServiceTest
[ERROR] /D:/long-personal-project/Tutor-Management/backend/src/main/java/com/tutor_management/backend/modules/onlinesession/service/ChatServiceTest.java:[100,6] cannot find symbol
  symbol:   class Test
  location: class com.tutor_management.backend.modules.onlinesession.service.ChatServiceTest
[ERROR] /D:/long-personal-project/Tutor-Management/backend/src/main/java/com/tutor_management/backend/modules/onlinesession/service/ChatServiceTest.java:[129,6] cannot find symbol
  symbol:   class Test
  location: class com.tutor_management.backend.modules.onlinesession.service.ChatServiceTest
[INFO] 23 errors 
[INFO] -------------------------------------------------------------
[INFO] ------------------------------------------------------------------------
[INFO] BUILD FAILURE
[INFO] ------------------------------------------------------------------------
[INFO] Total time:  5.627 s
[INFO] Finished at: 2026-01-18T20:22:44-08:00
[INFO] ------------------------------------------------------------------------
[ERROR] Failed to execute goal org.apache.maven.plugins:maven-compiler-plugin:3.13.0:compile (default-compile) on project backend: Compilation failure: Compilation failure: 
[ERROR] /D:/long-personal-project/Tutor-Management/backend/src/main/java/com/tutor_management/backend/modules/onlinesession/controller/OnlineSessionWebSocketController.java:[21,19] cannot find symbol
[ERROR]   symbol:   class ChatService
[ERROR]   location: class com.tutor_management.backend.modules.onlinesession.controller.OnlineSessionWebSocketController
[ERROR] /D:/long-personal-project/Tutor-Management/backend/src/main/java/com/tutor_management/backend/modules/onlinesession/controller/OnlineSessionWebSocketController.java:[16,1] cannot find symbol
[ERROR]   symbol:   class ChatService
[ERROR]   location: class com.tutor_management.backend.modules.onlinesession.controller.OnlineSessionWebSocketController
[ERROR] /D:/long-personal-project/Tutor-Management/backend/src/main/java/com/tutor_management/backend/modules/onlinesession/service/ChatServiceTest.java:[13,29] package org.junit.jupiter.api does not exist
[ERROR] /D:/long-personal-project/Tutor-Management/backend/src/main/java/com/tutor_management/backend/modules/onlinesession/service/ChatServiceTest.java:[14,29] package org.junit.jupiter.api does not exist
[ERROR] /D:/long-personal-project/Tutor-Management/backend/src/main/java/com/tutor_management/backend/modules/onlinesession/service/ChatServiceTest.java:[15,39] package org.junit.jupiter.api.extension does not exist
[ERROR] /D:/long-personal-project/Tutor-Management/backend/src/main/java/com/tutor_management/backend/modules/onlinesession/service/ChatServiceTest.java:[16,19] package org.mockito does not exist
[ERROR] /D:/long-personal-project/Tutor-Management/backend/src/main/java/com/tutor_management/backend/modules/onlinesession/service/ChatServiceTest.java:[17,19] package org.mockito does not exist
[ERROR] /D:/long-personal-project/Tutor-Management/backend/src/main/java/com/tutor_management/backend/modules/onlinesession/service/ChatServiceTest.java:[18,33] package org.mockito.junit.jupiter does not exist
[ERROR] /D:/long-personal-project/Tutor-Management/backend/src/main/java/com/tutor_management/backend/modules/onlinesession/service/ChatServiceTest.java:[28,36] package org.junit.jupiter.api does not exist
[ERROR] /D:/long-personal-project/Tutor-Management/backend/src/main/java/com/tutor_management/backend/modules/onlinesession/service/ChatServiceTest.java:[29,26] package org.mockito does not exist
[ERROR] /D:/long-personal-project/Tutor-Management/backend/src/main/java/com/tutor_management/backend/modules/onlinesession/service/ChatServiceTest.java:[29,1] static import only from classes and interfaces
[ERROR] /D:/long-personal-project/Tutor-Management/backend/src/main/java/com/tutor_management/backend/modules/onlinesession/service/ChatServiceTest.java:[30,26] package org.mockito does not exist
[ERROR] /D:/long-personal-project/Tutor-Management/backend/src/main/java/com/tutor_management/backend/modules/onlinesession/service/ChatServiceTest.java:[32,2] cannot find symbol
[ERROR]   symbol: class ExtendWith
[ERROR] /D:/long-personal-project/Tutor-Management/backend/src/main/java/com/tutor_management/backend/modules/onlinesession/service/ChatServiceTest.java:[32,13] cannot find symbol
[ERROR]   symbol: class MockitoExtension
[ERROR] /D:/long-personal-project/Tutor-Management/backend/src/main/java/com/tutor_management/backend/modules/onlinesession/service/ChatServiceTest.java:[35,6] cannot find symbol
[ERROR]   symbol:   class Mock
[ERROR]   location: class com.tutor_management.backend.modules.onlinesession.service.ChatServiceTest
[ERROR] /D:/long-personal-project/Tutor-Management/backend/src/main/java/com/tutor_management/backend/modules/onlinesession/service/ChatServiceTest.java:[38,6] cannot find symbol
[ERROR]   symbol:   class Mock
[ERROR]   location: class com.tutor_management.backend.modules.onlinesession.service.ChatServiceTest
[ERROR] /D:/long-personal-project/Tutor-Management/backend/src/main/java/com/tutor_management/backend/modules/onlinesession/service/ChatServiceTest.java:[41,6] cannot find symbol
[ERROR]   symbol:   class Mock
[ERROR]   location: class com.tutor_management.backend.modules.onlinesession.service.ChatServiceTest
[ERROR] /D:/long-personal-project/Tutor-Management/backend/src/main/java/com/tutor_management/backend/modules/onlinesession/service/ChatServiceTest.java:[44,6] cannot find symbol
[ERROR]   symbol:   class InjectMocks
[ERROR]   location: class com.tutor_management.backend.modules.onlinesession.service.ChatServiceTest
[ERROR] /D:/long-personal-project/Tutor-Management/backend/src/main/java/com/tutor_management/backend/modules/onlinesession/service/ChatServiceTest.java:[52,6] cannot find symbol
[ERROR]   symbol:   class BeforeEach
[ERROR]   location: class com.tutor_management.backend.modules.onlinesession.service.ChatServiceTest
[ERROR] /D:/long-personal-project/Tutor-Management/backend/src/main/java/com/tutor_management/backend/modules/onlinesession/service/ChatServiceTest.java:[63,6] cannot find symbol
[ERROR]   symbol:   class Test
[ERROR]   location: class com.tutor_management.backend.modules.onlinesession.service.ChatServiceTest
[ERROR] /D:/long-personal-project/Tutor-Management/backend/src/main/java/com/tutor_management/backend/modules/onlinesession/service/ChatServiceTest.java:[91,6] cannot find symbol
[ERROR]   symbol:   class Test
[ERROR]   location: class com.tutor_management.backend.modules.onlinesession.service.ChatServiceTest
[ERROR] /D:/long-personal-project/Tutor-Management/backend/src/main/java/com/tutor_management/backend/modules/onlinesession/service/ChatServiceTest.java:[100,6] cannot find symbol
[ERROR]   symbol:   class Test
[ERROR]   location: class com.tutor_management.backend.modules.onlinesession.service.ChatServiceTest
[ERROR] /D:/long-personal-project/Tutor-Management/backend/src/main/java/com/tutor_management/backend/modules/onlinesession/service/ChatServiceTest.java:[129,6] cannot find symbol
[ERROR]   symbol:   class Test
[ERROR]   location: class com.tutor_management.backend.modules.onlinesession.service.ChatServiceTest
[ERROR] -> [Help 1]
[ERROR] 
[ERROR] To see the full stack trace of the errors, re-run Maven with the -e switch.
[ERROR] Re-run Maven using the -X switch to enable full debug logging.
[ERROR] 
[ERROR] For more information about the errors and possible solutions, please read the following articles:
[ERROR] [Help 1] http://cwiki.apache.org/confluence/display/MAVEN/MojoFailureException
