[INFO] Scanning for projects...
[INFO] 
[INFO] --------------------< com.tutor-management:backend >--------------------
[INFO] Building backend 0.0.1-SNAPSHOT
[INFO]   from pom.xml
[INFO] --------------------------------[ jar ]---------------------------------
[INFO] 
[INFO] --- resources:3.3.1:resources (default-resources) @ backend ---
[INFO] Copying 1 resource from src\main\resources to target\classes
[INFO] Copying 3 resources from src\main\resources to target\classes
[INFO] 
[INFO] --- compiler:3.13.0:compile (default-compile) @ backend ---
[INFO] Nothing to compile - all classes are up to date.
[INFO] 
[INFO] --- resources:3.3.1:testResources (default-testResources) @ backend ---
[INFO] skip non existing resourceDirectory D:\long-personal-project\Tutor-Management\backend\src\test\resources
[INFO] 
[INFO] --- compiler:3.13.0:testCompile (default-testCompile) @ backend ---
[INFO] Recompiling the module because of changed source code.
[INFO] Compiling 8 source files with javac [debug parameters release 21] to target\test-classes
[INFO] -------------------------------------------------------------
[ERROR] COMPILATION ERROR : 
[INFO] -------------------------------------------------------------
[ERROR] /D:/long-personal-project/Tutor-Management/backend/src/test/java/com/tutor_management/backend/modules/onlinesession/service/OnlineSessionServiceTest.java:[330,14] cannot find symbol
  symbol:   variable presenceService
  location: class com.tutor_management.backend.modules.onlinesession.service.OnlineSessionServiceTest
[INFO] 1 error
[INFO] -------------------------------------------------------------
[INFO] ------------------------------------------------------------------------
[INFO] BUILD FAILURE
[INFO] ------------------------------------------------------------------------
[INFO] Total time:  2.515 s
[INFO] Finished at: 2026-01-18T20:24:58-08:00
[INFO] ------------------------------------------------------------------------
[ERROR] Failed to execute goal org.apache.maven.plugins:maven-compiler-plugin:3.13.0:testCompile (default-testCompile) on project backend: Compilation failure
[ERROR] /D:/long-personal-project/Tutor-Management/backend/src/test/java/com/tutor_management/backend/modules/onlinesession/service/OnlineSessionServiceTest.java:[330,14] cannot find symbol
[ERROR]   symbol:   variable presenceService
[ERROR]   location: class com.tutor_management.backend.modules.onlinesession.service.OnlineSessionServiceTest
[ERROR] 
[ERROR] -> [Help 1]
[ERROR] 
[ERROR] To see the full stack trace of the errors, re-run Maven with the -e switch.
[ERROR] Re-run Maven using the -X switch to enable full debug logging.
[ERROR] 
[ERROR] For more information about the errors and possible solutions, please read the following articles:
[ERROR] [Help 1] http://cwiki.apache.org/confluence/display/MAVEN/MojoFailureException
